Tes_ings
1
{"d.min":2,"s.pnt":4,"s.pwe":0}
{"d.min":2,"s.pnt":4,"s.pwe":0}
2
{"d.min":1,"s.pnt":4,"s.pwe":8}
{"d.min":1,"s.pnt":4,"s.pwe":8}
3
{"d.min":4,"s.pnt":2,"s.pwe":10}
{"d.min":4,"s.pnt":2,"s.pwe":10}
4
{"d.min":3,"s.pnt":1,"s.pwe":1}
{"d.min":3,"s.pnt":1,"s.pwe":1}
5
{"d.min":32,"s.pnt":3,"s.pwe":2}
{"d.min":32,"s.pnt":3,"s.pwe":2}
6
{"d.min":1,"s.pnt":0,"s.pwe":0}
{"d.min":1,"s.pnt":0,"s.pwe":0}
7
{"d.min":20,"s.pnt":4,"s.pwe":0}
{"d.min":20,"s.pnt":4,"s.pwe":0}
8
{"d.min":3,"s.pnt":2,"s.pwe":8}
{"d.min":3,"s.pnt":2,"s.pwe":8}
9
{"d.min":4,"s.pnt":9,"s.pwe":0}
{"d.min":4,"s.pnt":9,"s.pwe":0}
10
{"d.min":3,"s.pnt":2,"s.pwe":0}
{"d.min":3,"s.pnt":2,"s.pwe":0}
11
{"d.min":0,"s.pnt":0,"s.pwe":5}
{"d.min":0,"s.pnt":0,"s.pwe":5}
12
{"d.min":17,"s.pnt":9,"s.pwe":5}
{"d.min":17,"s.pnt":9,"s.pwe":5}
13
{"d.min":11,"s.pnt":11,"s.pwe":5}
{"d.min":11,"s.pnt":11,"s.pwe":5}
14
{"d.min":21,"s.pnt":0,"s.pwe":1}
{"d.min":21,"s.pnt":0,"s.pwe":1}
15
{"d.min":12,"s.pnt":0,"s.pwe":1}
{"d.min":12,"s.pnt":0,"s.pwe":1}
16
{"d.min":6,"s.pnt":0,"s.pwe":2}
{"d.min":6,"s.pnt":0,"s.pwe":2}
17
{"d.min":18,"s.pnt":0,"s.pwe":0}
{"d.min":18,"s.pnt":0,"s.pwe":0}
18
{"d.min":16,"s.pnt":4,"s.pwe":0}
{"d.min":16,"s.pnt":4,"s.pwe":0}
19
{"d.min":3,"s.pnt":1,"s.pwe":1}
{"d.min":3,"s.pnt":1,"s.pwe":1}
20
{"d.min":22,"s.pnt":4,"s.pwe":0}
{"d.min":22,"s.pnt":4,"s.pwe":0}
